main.c:115:6:fill_sin_table	24	static
main.c:122:6:pid	32	static
main.c:154:6:cal_pwms	16	static
main.c:254:6:start	32	static
main.c:317:6:myisr	8	static
main.c:334:5:main	96	static
main.c:484:6:SystemClock_Config	88	static
main.c:533:13:MX_ADC1_Init	72	static
main.c:608:13:MX_ADC2_Init	56	static
main.c:670:13:MX_ADC3_Init	56	static
main.c:732:13:MX_TIM1_Init	96	static
main.c:826:13:MX_UART5_Init	8	static
main.c:859:13:MX_GPIO_Init	64	static
main.c:1132:6:HAL_GPIO_EXTI_Callback	40	static
main.c:1265:6:HAL_ADCEx_InjectedConvCpltCallback	96	static
main.c:1334:6:HAL_TIM_PeriodElapsedCallback	16	static
main.c:1427:6:Error_Handler	4	static
