stm32f4xx_it.c:76:6:NMI_Handler	4	static
stm32f4xx_it.c:89:6:HardFault_Handler	4	static
stm32f4xx_it.c:104:6:MemManage_Handler	4	static
stm32f4xx_it.c:119:6:BusFault_Handler	4	static
stm32f4xx_it.c:134:6:UsageFault_Handler	4	static
stm32f4xx_it.c:149:6:SVC_Handler	4	static
stm32f4xx_it.c:162:6:DebugMon_Handler	4	static
stm32f4xx_it.c:175:6:PendSV_Handler	4	static
stm32f4xx_it.c:195:6:EXTI0_IRQHandler	8	static
stm32f4xx_it.c:209:6:ADC_IRQHandler	8	static
stm32f4xx_it.c:225:6:EXTI9_5_IRQHandler	8	static
stm32f4xx_it.c:240:6:TIM1_UP_TIM10_IRQHandler	8	static
stm32f4xx_it.c:254:6:TIM1_CC_IRQHandler	8	static
stm32f4xx_it.c:268:6:UART5_IRQHandler	8	static
stm32f4xx_it.c:282:6:TIM6_DAC_IRQHandler	8	static
